ARM Linker, 5.03 [Build 24] [MDK-ARM Standard]

==============================================================================

Section Cross References

    syscall.o(.text) refers to corebug.o(.text) for DEBUG_Log
    syscall.o(.text) refers to syscall.o(.bss) for .bss
    syscall.o(.text) refers to syscall.o(.constdata) for .constdata
    syscall.o(.constdata) refers to syscall.o(.text) for SVC_InstallLPC
    syscall.o(.constdata) refers to syscall.o(.constdata) for fnHandlers
    corebug.o(.text) refers to _printf_pad.o(.text) for _printf_pre_padding
    corebug.o(.text) refers to _printf_percent.o(.ARM.Collect$$_printf_percent$$00000000) for _printf_percent
    corebug.o(.text) refers to _printf_d.o(.ARM.Collect$$_printf_percent$$00000009) for _printf_d
    corebug.o(.text) refers to _printf_p.o(.ARM.Collect$$_printf_percent$$00000002) for _printf_p
    corebug.o(.text) refers to _printf_s.o(.ARM.Collect$$_printf_percent$$00000014) for _printf_s
    corebug.o(.text) refers to _printf_dec.o(.text) for _printf_int_dec
    corebug.o(.text) refers to _printf_hex_int_ll_ptr.o(.text) for _printf_longlong_hex
    corebug.o(.text) refers to _printf_str.o(.text) for _printf_str
    corebug.o(.text) refers to bspusart.o(.text) for BSP_DebugWriteByte
    corebug.o(.text) refers to __2snprintf.o(.text) for __2snprintf
    corebug.o(.text) refers to vsnprintf.o(.text) for vsnprintf
    corebug.o(.text) refers to corebug.o(.constdata) for .constdata
    corebug.o(.text) refers to corebug.o(.data) for .data
    corebug.o(.constdata) refers to corebug.o(.conststring) for .conststring
    coreirq.o(.text) refers to stm32misc.o(.text) for CORE_DisableIRQ
    coreirq.o(.text) refers to coreapi.o(.text) for CALL_InstallLPC
    coreirq.o(.text) refers to corebug.o(.text) for DEBUG_Log
    coreirq.o(.text) refers to coreirq.o(.data) for .data
    coreirq.o(.text) refers to coreirq.o(.constdata) for .constdata
    coreirq.o(.constdata) refers to coreirq.o(.text) for SVC_InstallISR
    coreirq.o(.constdata) refers to coreirq.o(.constdata) for fnHandlers
    coremem.o(.text) refers to corebug.o(.text) for DEBUG_Log
    coremem.o(.text) refers to coremem.o(.constdata) for .constdata
    coremem.o(.text) refers to rt_memclr.o(.text) for __aeabi_memclr
    coremem.o(.text) refers to coremem.o(.bss) for .bss
    coremem.o(.text) refers to coreapi.o(.text) for CALL_InstallLPC
    coremem.o(.text) refers to bspcore.o(.text) for BSP_ScanMemoryRegion
    coremem.o(.text) refers to coretab.o(.constdata) for g_LowestBitTable
    coremem.o(.text) refers to coretab.o(.constdata) for g_HighestBitmapTable
    coremem.o(.constdata) refers to coremem.o(.conststring) for .conststring
    coremem.o(.constdata) refers to coremem.o(.bss) for g_SystemMemoryManager
    coremem.o(.constdata) refers to coremem.o(.constdata) for fnHandlers
    coremem.o(.constdata) refers to coremem.o(.text) for SVC_PageAlloc
    coremod.o(.text) refers to tssapi.o(.text) for CreatePriorityTask
    coremod.o(.text) refers to tsscall.o(.text) for CALL_SchedulerRun
    corentry.o(.text) refers to corebug.o(.text) for DEBUG_Log
    corentry.o(.text) refers to fwtick.o(.text) for FW_GetTickBase
    corentry.o(.text) refers to syscall.o(.text) for initCoreLocalProcedureCallManager
    corentry.o(.text) refers to coreirq.o(.text) for initCoreInterruptServiceRoutinesManager
    corentry.o(.text) refers to coremem.o(.text) for initCoreSystemGlobalMemoryManager
    corentry.o(.text) refers to coretask.o(.text) for initCoreTaskScheduleManager
    corentry.o(.text) refers to coremod.o(.text) for initCoreStartupSystemBootTask
    corentry.o(.text) refers to corentry.o(.constdata) for .constdata
    corepool.o(.text) refers to rt_memclr_w.o(.text) for __aeabi_memclr4
    corepool.o(.text) refers to coremem.o(.text) for CORE_PageAlloc
    corepool.o(.text) refers to coretab.o(.constdata) for g_LowestBitTable
    corepool.o(.text) refers to corepool.o(.data) for .data
    coretask.o(.text) refers to scheduler.o(.text) for TSS_SchedulerRun
    coretask.o(.text) refers to stm32misc.o(.text) for CORE_DisableIRQ
    coretask.o(.text) refers to corepool.o(.text) for CORE_Handle2Header
    coretask.o(.text) refers to corebug.o(.text) for DEBUG_Log
    coretask.o(.text) refers to coretask.o(.bss) for .bss
    coretask.o(.text) refers to coretask.o(.constdata) for .constdata
    coretask.o(.text) refers to tssapi.o(.text) for GetCurrentTask
    coretask.o(.text) refers to tsscall.o(.text) for CALL_SystemProfiler
    coretask.o(.text) refers to coreapi.o(.text) for CALL_InstallLPC
    coretask.o(.text) refers to rt_memclr_w.o(.text) for __aeabi_memclr4
    coretask.o(.constdata) refers to coretask.o(.text) for SVC_SchedulerRun
    coretick.o(.text) refers to stm32misc.o(.text) for CORE_DisableIRQ
    coretick.o(.text) refers to lludivv7m.o(.text) for __aeabi_uldivmod
    coretick.o(.text) refers to coretick.o(.data) for .data
    scheduler.o(.text) refers to stm32misc.o(.text) for CORE_DisableIRQ
    scheduler.o(.text) refers to corebug.o(.text) for DEBUG_Log
    scheduler.o(.text) refers to stm32stack.o(.text) for CORE_GetIdleStackBuffer
    scheduler.o(.text) refers to fwstack.o(.text) for FW_FillStack
    scheduler.o(.text) refers to scheduler.o(.data) for .data
    scheduler.o(.text) refers to scheduler.o(.bss) for .bss
    scheduler.o(.text) refers to scheduler.o(.constdata) for .constdata
    scheduler.o(.text) refers to rt_memclr_w.o(.text) for __aeabi_memclr4
    scheduler.o(.text) refers to coretab.o(.constdata) for g_LowestBitTable
    bspcore.o(.text) refers to mmsapi.o(.text) for CreateMMRegion
    bspcore.o(.text) refers to bspcore.o(.ARM.__AT_0x20001000) for .ARM.__AT_0x20001000
    bspgpio.o(.text) refers to stm32f10x_exti.o(.text) for EXTI_ClearITPendingBit
    bspgpio.o(.text) refers to corebug.o(.text) for DEBUG_Log
    bspgpio.o(.text) refers to stm32f10x_rcc.o(.text) for RCC_APB2PeriphClockCmd
    bspgpio.o(.text) refers to stm32f10x_gpio.o(.text) for GPIO_Init
    bspgpio.o(.text) refers to misc.o(.text) for NVIC_Init
    bspgpio.o(.text) refers to bspgpio.o(.constdata) for .constdata
    bspusart.o(.text) refers to stm32f10x_usart.o(.text) for USART_GetFlagStatus
    bspusart.o(.text) refers to stm32f10x_rcc.o(.text) for RCC_APB2PeriphClockCmd
    bspusart.o(.text) refers to stm32f10x_gpio.o(.text) for GPIO_Init
    bspusart.o(.text) refers to misc.o(.text) for NVIC_Init
    tasktest.o(.text) refers to tssapi.o(.text) for SetTaskPriority
    tasktest.o(.text) refers to rt_memclr_w.o(.text) for __aeabi_memclr4
    tasktest.o(.text) refers to corebug.o(.text) for DEBUG_Log
    tasktest.o(.text) refers to stm32misc.o(.text) for CORE_DisableIRQ
    tasktest.o(.text) refers to coretick.o(.text) for GetSystemTick
    tasktest.o(.text) refers to libfw.o(.text) for FW_StackPosition
    tasktest.o(.text) refers to tasktest.o(.data) for .data
    tasktest.o(.text) refers to tasktest.o(.constdata) for .constdata
    tasktest.o(.text) refers to strcmpv7m.o(.text) for strcmp
    tasktest.o(.constdata) refers to tasktest.o(.text) for ModuleEntry
    coreapi.o(.text) refers to libfw.o(.text) for FW_SystemCall
    mmsapi.o(.text) refers to coreapi.o(.text) for SysCall
    mmsapi.o(.text) refers to corebug.o(.text) for DEBUG_Log
    mmsapi.o(.text) refers to tssapi.o(.text) for SetError
    mmsapi.o(.text) refers to mmsapi.o(.constdata) for .constdata
    tssapi.o(.text) refers to tsscall.o(.text) for CALL_CreateTaskEx
    tssapi.o(.text) refers to strncpy.o(.text) for strncpy
    tsscall.o(.text) refers to _printf_pad.o(.text) for _printf_pre_padding
    tsscall.o(.text) refers to _printf_percent.o(.ARM.Collect$$_printf_percent$$00000000) for _printf_percent
    tsscall.o(.text) refers to _printf_x.o(.ARM.Collect$$_printf_percent$$0000000C) for _printf_x
    tsscall.o(.text) refers to _printf_s.o(.ARM.Collect$$_printf_percent$$00000014) for _printf_s
    tsscall.o(.text) refers to _printf_hex_int_ll_ptr.o(.text) for _printf_longlong_hex
    tsscall.o(.text) refers to _printf_str.o(.text) for _printf_str
    tsscall.o(.text) refers to coreapi.o(.text) for SysCall
    tsscall.o(.text) refers to corebug.o(.text) for DEBUG_Log
    tsscall.o(.text) refers to tssapi.o(.text) for SetError
    tsscall.o(.text) refers to rt_memclr_w.o(.text) for __aeabi_memclr4
    tsscall.o(.text) refers to __2snprintf.o(.text) for __2snprintf
    tsscall.o(.text) refers to coretick.o(.text) for GetSystemTick
    tsscall.o(.text) refers to fwstack.o(.text) for FW_FillStack
    tsscall.o(.text) refers to libfw.o(.text) for FW_StackPosition
    tsscall.o(.text) refers to tsscall.o(.constdata) for .constdata
    tsscall.o(.text) refers to tsscall.o(.data) for .data
    tsscall.o(.text) refers to rt_memcpy_w.o(.text) for __aeabi_memcpy4
    tsscall.o(.text) refers to strncpy.o(.text) for strncpy
    stm32hal.o(.text) refers to stm32rcc.o(.text) for RCC_Configuration
    stm32hal.o(.text) refers to bspgpio.o(.text) for GPIO_Configuration
    stm32hal.o(.text) refers to stm32nvic.o(.text) for NVIC_Configuration
    stm32hal.o(.text) refers to bspusart.o(.text) for USART_Configuration
    stm32hal.o(.text) refers to corentry.o(.text) for CORE_Starting
    stm32nvic.o(.text) refers to misc.o(.text) for NVIC_PriorityGroupConfig
    stm32rcc.o(.text) refers to stm32f10x_rcc.o(.text) for RCC_DeInit
    stm32rcc.o(.text) refers to stm32f10x_flash.o(.text) for FLASH_SetLatency
    stm32rcc.o(.text) refers to misc.o(.text) for SysTick_CLKSourceConfig
    stm32rcc.o(.text) refers to system_stm32f10x.o(.data) for SystemCoreClock
    stm32stack.o(.text) refers to startup_stm32f10x_md.o(.text) for __user_initial_stackheap
    fault_entry.o(.text) refers to scheduler.o(.text) for CORE_EnterIRQ
    fault_entry.o(.text) refers to stm32fault.o(.text) for STM32_FaultHandler
    startup_stm32f10x_md.o(STACK) refers (Special) to heapauxi.o(.text) for __use_two_region_memory
    startup_stm32f10x_md.o(HEAP) refers (Special) to heapauxi.o(.text) for __use_two_region_memory
    startup_stm32f10x_md.o(RESET) refers (Special) to heapauxi.o(.text) for __use_two_region_memory
    startup_stm32f10x_md.o(RESET) refers to startup_stm32f10x_md.o(STACK) for __initial_sp
    startup_stm32f10x_md.o(RESET) refers to startup_stm32f10x_md.o(.text) for Reset_Handler
    startup_stm32f10x_md.o(RESET) refers to fault_entry.o(.text) for HardFault_Handler
    startup_stm32f10x_md.o(RESET) refers to svc_entry.o(.text) for SVC_Handler
    startup_stm32f10x_md.o(RESET) refers to systick_entry.o(.text) for SysTick_Handler
    startup_stm32f10x_md.o(.text) refers (Special) to heapauxi.o(.text) for __use_two_region_memory
    startup_stm32f10x_md.o(.text) refers to system_stm32f10x.o(.text) for SystemInit
    startup_stm32f10x_md.o(.text) refers to __main.o(!!!main) for __main
    startup_stm32f10x_md.o(.text) refers to startup_stm32f10x_md.o(HEAP) for Heap_Mem
    startup_stm32f10x_md.o(.text) refers to startup_stm32f10x_md.o(STACK) for Stack_Mem
    svc_entry.o(.text) refers to scheduler.o(.text) for CORE_EnterIRQ
    svc_entry.o(.text) refers to syscall.o(.text) for CORE_HandlerLPC
    systick_entry.o(.text) refers to coretick.o(.text) for CORE_TickHandler
    systick_entry.o(.text) refers to scheduler.o(.text) for CORE_EnterIRQ
    fwtick.o(.text) refers to fwtick.o(.ARM.__AT_0xE000E018) for .ARM.__AT_0xE000E018
    fwtick.o(.text) refers to fwtick.o(.ARM.__AT_0xE000E014) for .ARM.__AT_0xE000E014
    stm32f10x_gpio.o(.text) refers to stm32f10x_rcc.o(.text) for RCC_APB2PeriphResetCmd
    stm32f10x_rcc.o(.text) refers to stm32f10x_rcc.o(.data) for .data
    stm32f10x_usart.o(.text) refers to stm32f10x_rcc.o(.text) for RCC_APB2PeriphResetCmd
    system_stm32f10x.o(.text) refers to system_stm32f10x.o(.data) for .data
    vsnprintf.o(.text) refers (Special) to _printf_a.o(.ARM.Collect$$_printf_percent$$00000006) for _printf_a
    vsnprintf.o(.text) refers (Special) to _printf_c.o(.ARM.Collect$$_printf_percent$$00000013) for _printf_c
    vsnprintf.o(.text) refers (Special) to _printf_charcount.o(.text) for _printf_charcount
    vsnprintf.o(.text) refers (Special) to _printf_d.o(.ARM.Collect$$_printf_percent$$00000009) for _printf_d
    vsnprintf.o(.text) refers (Special) to _printf_e.o(.ARM.Collect$$_printf_percent$$00000004) for _printf_e
    vsnprintf.o(.text) refers (Special) to _printf_f.o(.ARM.Collect$$_printf_percent$$00000003) for _printf_f
    vsnprintf.o(.text) refers (Special) to printf1.o(x$fpl$printf1) for _printf_fp_dec
    vsnprintf.o(.text) refers (Special) to printf2.o(x$fpl$printf2) for _printf_fp_hex
    vsnprintf.o(.text) refers (Special) to _printf_g.o(.ARM.Collect$$_printf_percent$$00000005) for _printf_g
    vsnprintf.o(.text) refers (Special) to _printf_i.o(.ARM.Collect$$_printf_percent$$00000008) for _printf_i
    vsnprintf.o(.text) refers (Special) to _printf_dec.o(.text) for _printf_int_dec
    vsnprintf.o(.text) refers (Special) to _printf_l.o(.ARM.Collect$$_printf_percent$$00000012) for _printf_l
    vsnprintf.o(.text) refers (Special) to _printf_lc.o(.ARM.Collect$$_printf_percent$$00000015) for _printf_lc
    vsnprintf.o(.text) refers (Special) to _printf_ll.o(.ARM.Collect$$_printf_percent$$00000007) for _printf_ll
    vsnprintf.o(.text) refers (Special) to _printf_lld.o(.ARM.Collect$$_printf_percent$$0000000E) for _printf_lld
    vsnprintf.o(.text) refers (Special) to _printf_lli.o(.ARM.Collect$$_printf_percent$$0000000D) for _printf_lli
    vsnprintf.o(.text) refers (Special) to _printf_llo.o(.ARM.Collect$$_printf_percent$$00000010) for _printf_llo
    vsnprintf.o(.text) refers (Special) to _printf_llu.o(.ARM.Collect$$_printf_percent$$0000000F) for _printf_llu
    vsnprintf.o(.text) refers (Special) to _printf_llx.o(.ARM.Collect$$_printf_percent$$00000011) for _printf_llx
    vsnprintf.o(.text) refers (Special) to _printf_longlong_dec.o(.text) for _printf_longlong_dec
    vsnprintf.o(.text) refers (Special) to _printf_hex_int_ll_ptr.o(.text) for _printf_longlong_hex
    vsnprintf.o(.text) refers (Special) to _printf_oct_int_ll.o(.text) for _printf_longlong_oct
    vsnprintf.o(.text) refers (Special) to _printf_ls.o(.ARM.Collect$$_printf_percent$$00000016) for _printf_ls
    vsnprintf.o(.text) refers (Special) to _printf_n.o(.ARM.Collect$$_printf_percent$$00000001) for _printf_n
    vsnprintf.o(.text) refers (Special) to _printf_o.o(.ARM.Collect$$_printf_percent$$0000000B) for _printf_o
    vsnprintf.o(.text) refers (Special) to _printf_p.o(.ARM.Collect$$_printf_percent$$00000002) for _printf_p
    vsnprintf.o(.text) refers (Special) to _printf_percent.o(.ARM.Collect$$_printf_percent$$00000000) for _printf_percent
    vsnprintf.o(.text) refers (Special) to _printf_pad.o(.text) for _printf_post_padding
    vsnprintf.o(.text) refers (Special) to _printf_s.o(.ARM.Collect$$_printf_percent$$00000014) for _printf_s
    vsnprintf.o(.text) refers (Special) to _printf_str.o(.text) for _printf_str
    vsnprintf.o(.text) refers (Special) to _printf_truncate.o(.text) for _printf_truncate_signed
    vsnprintf.o(.text) refers (Special) to _printf_u.o(.ARM.Collect$$_printf_percent$$0000000A) for _printf_u
    vsnprintf.o(.text) refers (Special) to _printf_wctomb.o(.text) for _printf_wctomb
    vsnprintf.o(.text) refers (Special) to _printf_x.o(.ARM.Collect$$_printf_percent$$0000000C) for _printf_x
    vsnprintf.o(.text) refers to _printf_char_common.o(.text) for _printf_char_common
    vsnprintf.o(.text) refers to _sputc.o(.text) for _sputc
    vsnprintf.o(.text) refers to _snputc.o(.text) for _snputc
    __2snprintf.o(.text) refers to _printf_char_common.o(.text) for _printf_char_common
    __2snprintf.o(.text) refers to _sputc.o(.text) for _sputc
    __2snprintf.o(.text) refers to _snputc.o(.text) for _snputc
    noretval__2snprintf.o(.text) refers to _printf_char_common.o(.text) for _printf_char_common
    noretval__2snprintf.o(.text) refers to _sputc.o(.text) for _sputc
    noretval__2snprintf.o(.text) refers to _snputc.o(.text) for _snputc
    __printf.o(.text) refers to _printf_percent.o(.ARM.Collect$$_printf_percent$$00000000) for _printf_percent
    _printf_str.o(.text) refers (Special) to _printf_char.o(.text) for _printf_cs_common
    _printf_str.o(.text) refers (Weak) to _printf_pad.o(.text) for _printf_pre_padding
    _printf_str.o(.text) refers (Weak) to _printf_pad.o(.text) for _printf_post_padding
    _printf_dec.o(.text) refers (Weak) to _printf_truncate.o(.text) for _printf_truncate_signed
    _printf_dec.o(.text) refers (Weak) to _printf_truncate.o(.text) for _printf_truncate_unsigned
    _printf_dec.o(.text) refers to _printf_intcommon.o(.text) for _printf_int_common
    _printf_hex_ll.o(.text) refers to _printf_intcommon.o(.text) for _printf_int_common
    _printf_hex_ll.o(.text) refers to _printf_hex_ll.o(.constdata) for .constdata
    _printf_hex_int.o(.text) refers (Weak) to _printf_truncate.o(.text) for _printf_truncate_unsigned
    _printf_hex_int.o(.text) refers to _printf_intcommon.o(.text) for _printf_int_common
    _printf_hex_int.o(.text) refers to _printf_hex_int.o(.constdata) for .constdata
    _printf_hex_int_ll.o(.text) refers to _printf_intcommon.o(.text) for _printf_int_common
    _printf_hex_int_ll.o(.text) refers (Weak) to _printf_truncate.o(.text) for _printf_truncate_unsigned
    _printf_hex_int_ll.o(.text) refers to _printf_hex_int_ll.o(.constdata) for .constdata
    _printf_hex_ptr.o(.text) refers to _printf_intcommon.o(.text) for _printf_int_common
    _printf_hex_ptr.o(.text) refers to _printf_hex_ptr.o(.constdata) for .constdata
    _printf_hex_int_ptr.o(.text) refers to _printf_intcommon.o(.text) for _printf_int_common
    _printf_hex_int_ptr.o(.text) refers (Weak) to _printf_truncate.o(.text) for _printf_truncate_unsigned
    _printf_hex_int_ptr.o(.text) refers to _printf_hex_int_ptr.o(.constdata) for .constdata
    _printf_hex_ll_ptr.o(.text) refers to _printf_intcommon.o(.text) for _printf_int_common
    _printf_hex_ll_ptr.o(.text) refers to _printf_hex_ll_ptr.o(.constdata) for .constdata
    _printf_hex_int_ll_ptr.o(.text) refers to _printf_intcommon.o(.text) for _printf_int_common
    _printf_hex_int_ll_ptr.o(.text) refers (Weak) to _printf_truncate.o(.text) for _printf_truncate_unsigned
    _printf_hex_int_ll_ptr.o(.text) refers to _printf_hex_int_ll_ptr.o(.constdata) for .constdata
    __printf_flags.o(.text) refers to _printf_percent.o(.ARM.Collect$$_printf_percent$$00000000) for _printf_percent
    __printf_flags.o(.text) refers to __printf_flags.o(.constdata) for .constdata
    __printf_ss.o(.text) refers to _printf_percent.o(.ARM.Collect$$_printf_percent$$00000000) for _printf_percent
    __printf_flags_ss.o(.text) refers to _printf_percent.o(.ARM.Collect$$_printf_percent$$00000000) for _printf_percent
    __printf_flags_ss.o(.text) refers to __printf_flags_ss.o(.constdata) for .constdata
    __printf_wp.o(.text) refers to __printf_wp.o(i._is_digit) for _is_digit
    __printf_wp.o(.text) refers to _printf_percent.o(.ARM.Collect$$_printf_percent$$00000000) for _printf_percent
    __printf_flags_wp.o(.text) refers to __printf_wp.o(i._is_digit) for _is_digit
    __printf_flags_wp.o(.text) refers to _printf_percent.o(.ARM.Collect$$_printf_percent$$00000000) for _printf_percent
    __printf_flags_wp.o(.text) refers to __printf_flags_wp.o(.constdata) for .constdata
    __printf_ss_wp.o(.text) refers to __printf_wp.o(i._is_digit) for _is_digit
    __printf_ss_wp.o(.text) refers to _printf_percent.o(.ARM.Collect$$_printf_percent$$00000000) for _printf_percent
    __printf_flags_ss_wp.o(.text) refers to __printf_wp.o(i._is_digit) for _is_digit
    __printf_flags_ss_wp.o(.text) refers to _printf_percent.o(.ARM.Collect$$_printf_percent$$00000000) for _printf_percent
    __printf_flags_ss_wp.o(.text) refers to __printf_flags_ss_wp.o(.constdata) for .constdata
    _printf_s.o(.ARM.Collect$$_printf_percent$$00000014) refers (Weak) to _printf_char.o(.text) for _printf_string
    _printf_x.o(.ARM.Collect$$_printf_percent$$0000000C) refers (Weak) to _printf_hex_int_ll_ptr.o(.text) for _printf_int_hex
    _printf_p.o(.ARM.Collect$$_printf_percent$$00000002) refers (Weak) to _printf_hex_int_ll_ptr.o(.text) for _printf_hex_ptr
    _printf_d.o(.ARM.Collect$$_printf_percent$$00000009) refers (Weak) to _printf_dec.o(.text) for _printf_int_dec
    _printf_percent.o(.ARM.Collect$$_printf_percent$$00000000) refers (Special) to _printf_percent_end.o(.ARM.Collect$$_printf_percent$$00000017) for _printf_percent_end
    rt_memclr.o(.text) refers to rt_memclr_w.o(.text) for _memset_w
    strncpy.o(.text) refers to rt_memclr.o(.text) for __aeabi_memclr
    __main.o(!!!main) refers to rtentry.o(.ARM.Collect$$rtentry$$00000000) for __rt_entry
    rtentry.o(.ARM.Collect$$rtentry$$00000000) refers (Special) to rtentry2.o(.ARM.Collect$$rtentry$$0000000A) for __rt_entry_li
    rtentry.o(.ARM.Collect$$rtentry$$00000000) refers (Special) to rtentry2.o(.ARM.Collect$$rtentry$$0000000D) for __rt_entry_main
    rtentry.o(.ARM.Collect$$rtentry$$00000000) refers (Special) to rtentry2.o(.ARM.Collect$$rtentry$$0000000C) for __rt_entry_postli_1
    rtentry.o(.ARM.Collect$$rtentry$$00000000) refers (Special) to rtentry2.o(.ARM.Collect$$rtentry$$00000009) for __rt_entry_postsh_1
    rtentry.o(.ARM.Collect$$rtentry$$00000000) refers (Special) to rtentry2.o(.ARM.Collect$$rtentry$$00000002) for __rt_entry_presh_1
    rtentry.o(.ARM.Collect$$rtentry$$00000000) refers (Special) to rtentry4.o(.ARM.Collect$$rtentry$$00000004) for __rt_entry_sh
    aeabi_ldiv0_sigfpe.o(.text) refers to rt_div0.o(.text) for __rt_div0
    _printf_intcommon.o(.text) refers (Weak) to _printf_pad.o(.text) for _printf_pre_padding
    _printf_intcommon.o(.text) refers (Weak) to _printf_pad.o(.text) for _printf_pre_padding
    _printf_intcommon.o(.text) refers (Weak) to _printf_pad.o(.text) for _printf_post_padding
    _printf_char_common.o(.text) refers to __printf_flags_ss_wp.o(.text) for __printf
    _printf_char.o(.text) refers (Weak) to _printf_str.o(.text) for _printf_str
    _printf_wctomb.o(.text) refers (Special) to _printf_wchar.o(.text) for _printf_lcs_common
    _printf_wctomb.o(.text) refers to _wcrtomb.o(.text) for _wcrtomb
    _printf_wctomb.o(.text) refers (Weak) to _printf_pad.o(.text) for _printf_pre_padding
    _printf_wctomb.o(.text) refers (Weak) to _printf_pad.o(.text) for _printf_post_padding
    _printf_wctomb.o(.text) refers to _printf_wctomb.o(.constdata) for .constdata
    _printf_wctomb.o(.constdata) refers (Special) to _printf_wchar.o(.text) for _printf_lcs_common
    _printf_longlong_dec.o(.text) refers to lludiv10.o(.text) for _ll_udiv10
    _printf_longlong_dec.o(.text) refers to _printf_intcommon.o(.text) for _printf_int_common
    _printf_oct_ll.o(.text) refers to _printf_intcommon.o(.text) for _printf_int_common
    _printf_oct_int.o(.text) refers (Weak) to _printf_truncate.o(.text) for _printf_truncate_unsigned
    _printf_oct_int.o(.text) refers to _printf_intcommon.o(.text) for _printf_int_common
    _printf_oct_int_ll.o(.text) refers to _printf_intcommon.o(.text) for _printf_int_common
    _printf_oct_int_ll.o(.text) refers (Weak) to _printf_truncate.o(.text) for _printf_truncate_unsigned
    _printf_c.o(.ARM.Collect$$_printf_percent$$00000013) refers (Weak) to _printf_char.o(.text) for _printf_char
    _printf_n.o(.ARM.Collect$$_printf_percent$$00000001) refers (Weak) to _printf_charcount.o(.text) for _printf_charcount
    _printf_o.o(.ARM.Collect$$_printf_percent$$0000000B) refers (Weak) to _printf_oct_int_ll.o(.text) for _printf_int_oct
    _printf_i.o(.ARM.Collect$$_printf_percent$$00000008) refers (Weak) to _printf_dec.o(.text) for _printf_int_dec
    _printf_u.o(.ARM.Collect$$_printf_percent$$0000000A) refers (Weak) to _printf_dec.o(.text) for _printf_int_dec
    _printf_f.o(.ARM.Collect$$_printf_percent$$00000003) refers (Weak) to printf1.o(x$fpl$printf1) for _printf_fp_dec
    _printf_e.o(.ARM.Collect$$_printf_percent$$00000004) refers (Weak) to printf1.o(x$fpl$printf1) for _printf_fp_dec
    _printf_g.o(.ARM.Collect$$_printf_percent$$00000005) refers (Weak) to printf1.o(x$fpl$printf1) for _printf_fp_dec
    _printf_a.o(.ARM.Collect$$_printf_percent$$00000006) refers (Weak) to printf2.o(x$fpl$printf2) for _printf_fp_hex
    _printf_lli.o(.ARM.Collect$$_printf_percent$$0000000D) refers (Special) to _printf_ll.o(.ARM.Collect$$_printf_percent$$00000007) for _printf_ll
    _printf_lli.o(.ARM.Collect$$_printf_percent$$0000000D) refers (Weak) to _printf_longlong_dec.o(.text) for _printf_longlong_dec
    _printf_lld.o(.ARM.Collect$$_printf_percent$$0000000E) refers (Special) to _printf_ll.o(.ARM.Collect$$_printf_percent$$00000007) for _printf_ll
    _printf_lld.o(.ARM.Collect$$_printf_percent$$0000000E) refers (Weak) to _printf_longlong_dec.o(.text) for _printf_longlong_dec
    _printf_llu.o(.ARM.Collect$$_printf_percent$$0000000F) refers (Special) to _printf_ll.o(.ARM.Collect$$_printf_percent$$00000007) for _printf_ll
    _printf_llu.o(.ARM.Collect$$_printf_percent$$0000000F) refers (Weak) to _printf_longlong_dec.o(.text) for _printf_longlong_dec
    _printf_lc.o(.ARM.Collect$$_printf_percent$$00000015) refers (Special) to _printf_l.o(.ARM.Collect$$_printf_percent$$00000012) for _printf_l
    _printf_lc.o(.ARM.Collect$$_printf_percent$$00000015) refers (Weak) to _printf_wchar.o(.text) for _printf_wchar
    _printf_ls.o(.ARM.Collect$$_printf_percent$$00000016) refers (Special) to _printf_l.o(.ARM.Collect$$_printf_percent$$00000012) for _printf_l
    _printf_ls.o(.ARM.Collect$$_printf_percent$$00000016) refers (Weak) to _printf_wchar.o(.text) for _printf_wstring
    _printf_llo.o(.ARM.Collect$$_printf_percent$$00000010) refers (Special) to _printf_ll.o(.ARM.Collect$$_printf_percent$$00000007) for _printf_ll
    _printf_llo.o(.ARM.Collect$$_printf_percent$$00000010) refers (Weak) to _printf_oct_int_ll.o(.text) for _printf_ll_oct
    _printf_llx.o(.ARM.Collect$$_printf_percent$$00000011) refers (Special) to _printf_ll.o(.ARM.Collect$$_printf_percent$$00000007) for _printf_ll
    _printf_llx.o(.ARM.Collect$$_printf_percent$$00000011) refers (Weak) to _printf_hex_int_ll_ptr.o(.text) for _printf_ll_hex
    printf1.o(x$fpl$printf1) refers to _printf_fp_dec.o(.text) for _printf_fp_dec_real
    printf2.o(x$fpl$printf2) refers to _printf_fp_hex.o(.text) for _printf_fp_hex_real
    printf2b.o(x$fpl$printf2) refers to _printf_fp_hex.o(.text) for _printf_fp_hex_real
    rtentry2.o(.ARM.Collect$$rtentry$$00000008) refers to boardinit2.o(.text) for _platform_post_stackheap_init
    rtentry2.o(.ARM.Collect$$rtentry$$0000000A) refers to libinit.o(.ARM.Collect$$libinit$$00000000) for __rt_lib_init
    rtentry2.o(.ARM.Collect$$rtentry$$0000000B) refers to boardinit3.o(.text) for _platform_post_lib_init
    rtentry2.o(.ARM.Collect$$rtentry$$0000000D) refers to stm32hal.o(.text) for main
    rtentry2.o(.ARM.Collect$$rtentry$$0000000D) refers to exit.o(.text) for exit
    rtentry2.o(.ARM.exidx) refers to rtentry2.o(.ARM.Collect$$rtentry$$00000001) for .ARM.Collect$$rtentry$$00000001
    rtentry2.o(.ARM.exidx) refers to rtentry2.o(.ARM.Collect$$rtentry$$00000008) for .ARM.Collect$$rtentry$$00000008
    rtentry2.o(.ARM.exidx) refers to rtentry2.o(.ARM.Collect$$rtentry$$0000000A) for .ARM.Collect$$rtentry$$0000000A
    rtentry2.o(.ARM.exidx) refers to rtentry2.o(.ARM.Collect$$rtentry$$0000000B) for .ARM.Collect$$rtentry$$0000000B
    rtentry2.o(.ARM.exidx) refers to rtentry2.o(.ARM.Collect$$rtentry$$0000000D) for .ARM.Collect$$rtentry$$0000000D
    rtentry4.o(.ARM.Collect$$rtentry$$00000004) refers to sys_stackheap_outer.o(.text) for __user_setup_stackheap
    rtentry4.o(.ARM.exidx) refers to rtentry4.o(.ARM.Collect$$rtentry$$00000004) for .ARM.Collect$$rtentry$$00000004
    rt_div0.o(.text) refers to defsig_fpe_outer.o(.text) for __rt_SIGFPE
    _printf_fp_dec.o(.text) refers (Special) to usenofp.o(x$fpl$usenofp) for __I$use$fp
    _printf_fp_dec.o(.text) refers (Special) to lc_numeric_c.o(locale$$code) for _get_lc_numeric
    _printf_fp_dec.o(.text) refers to bigflt0.o(.text) for _btod_etento
    _printf_fp_dec.o(.text) refers to btod.o(CL$$btod_d2e) for _btod_d2e
    _printf_fp_dec.o(.text) refers to btod.o(CL$$btod_ediv) for _btod_ediv
    _printf_fp_dec.o(.text) refers to btod.o(CL$$btod_emul) for _btod_emul
    _printf_fp_dec.o(.text) refers to lludiv10.o(.text) for _ll_udiv10
    _printf_fp_dec.o(.text) refers to fpclassify.o(i.__ARM_fpclassify) for __ARM_fpclassify
    _printf_fp_dec.o(.text) refers to _printf_fp_infnan.o(.text) for _printf_fp_infnan
    _printf_fp_dec.o(.text) refers (Weak) to _printf_pad.o(.text) for _printf_pre_padding
    _printf_fp_dec.o(.text) refers (Weak) to _printf_pad.o(.text) for _printf_pre_padding
    _printf_fp_dec.o(.text) refers to rt_locale_intlibspace.o(.text) for __rt_locale
    _printf_fp_dec.o(.text) refers (Weak) to _printf_pad.o(.text) for _printf_post_padding
    _printf_fp_hex.o(.text) refers (Special) to usenofp.o(x$fpl$usenofp) for __I$use$fp
    _printf_fp_hex.o(.text) refers to fpclassify.o(i.__ARM_fpclassify) for __ARM_fpclassify
    _printf_fp_hex.o(.text) refers to _printf_fp_infnan.o(.text) for _printf_fp_infnan
    _printf_fp_hex.o(.text) refers (Weak) to _printf_pad.o(.text) for _printf_pre_padding
    _printf_fp_hex.o(.text) refers (Weak) to _printf_pad.o(.text) for _printf_pre_padding
    _printf_fp_hex.o(.text) refers (Weak) to _printf_pad.o(.text) for _printf_post_padding
    _printf_fp_hex.o(.text) refers to _printf_fp_hex.o(.constdata) for .constdata
    _printf_fp_hex.o(.constdata) refers (Special) to usenofp.o(x$fpl$usenofp) for __I$use$fp
    _printf_wchar.o(.text) refers (Weak) to _printf_wctomb.o(.text) for _printf_wctomb
    _wcrtomb.o(.text) refers to rt_ctype_table.o(.text) for __rt_ctype_table
    sys_stackheap_outer.o(.text) refers to libspace.o(.text) for __user_perproc_libspace
    sys_stackheap_outer.o(.text) refers to startup_stm32f10x_md.o(.text) for __user_initial_stackheap
    rt_ctype_table.o(.text) refers to rt_locale_intlibspace.o(.text) for __rt_locale
    rt_ctype_table.o(.text) refers to lc_ctype_c.o(locale$$code) for _get_lc_ctype
    rt_locale.o(.text) refers to rt_locale.o(.bss) for __rt_locale_data
    rt_locale_intlibspace.o(.text) refers to libspace.o(.bss) for __libspace_start
    _printf_fp_infnan.o(.text) refers (Weak) to _printf_pad.o(.text) for _printf_pre_padding
    _printf_fp_infnan.o(.text) refers (Weak) to _printf_pad.o(.text) for _printf_post_padding
    bigflt0.o(.text) refers (Special) to usenofp.o(x$fpl$usenofp) for __I$use$fp
    bigflt0.o(.text) refers to btod.o(CL$$btod_emul) for _btod_emul
    bigflt0.o(.text) refers to btod.o(CL$$btod_ediv) for _btod_ediv
    bigflt0.o(.text) refers to bigflt0.o(.constdata) for .constdata
    bigflt0.o(.constdata) refers (Special) to usenofp.o(x$fpl$usenofp) for __I$use$fp
    btod.o(CL$$btod_d2e) refers (Special) to usenofp.o(x$fpl$usenofp) for __I$use$fp
    btod.o(CL$$btod_d2e) refers to btod.o(CL$$btod_d2e_norm_op1) for _d2e_norm_op1
    btod.o(CL$$btod_d2e_norm_op1) refers (Special) to usenofp.o(x$fpl$usenofp) for __I$use$fp
    btod.o(CL$$btod_d2e_norm_op1) refers to btod.o(CL$$btod_d2e_denorm_low) for _d2e_denorm_low
    btod.o(CL$$btod_d2e_denorm_low) refers (Special) to usenofp.o(x$fpl$usenofp) for __I$use$fp
    btod.o(CL$$btod_emul) refers (Special) to usenofp.o(x$fpl$usenofp) for __I$use$fp
    btod.o(CL$$btod_emul) refers to btod.o(CL$$btod_mult_common) for __btod_mult_common
    btod.o(CL$$btod_emul) refers to btod.o(CL$$btod_e2e) for _e2e
    btod.o(CL$$btod_ediv) refers (Special) to usenofp.o(x$fpl$usenofp) for __I$use$fp
    btod.o(CL$$btod_ediv) refers to btod.o(CL$$btod_div_common) for __btod_div_common
    btod.o(CL$$btod_ediv) refers to btod.o(CL$$btod_e2e) for _e2e
    btod.o(CL$$btod_emuld) refers (Special) to usenofp.o(x$fpl$usenofp) for __I$use$fp
    btod.o(CL$$btod_emuld) refers to btod.o(CL$$btod_mult_common) for __btod_mult_common
    btod.o(CL$$btod_emuld) refers to btod.o(CL$$btod_e2d) for _e2d
    btod.o(CL$$btod_edivd) refers (Special) to usenofp.o(x$fpl$usenofp) for __I$use$fp
    btod.o(CL$$btod_edivd) refers to btod.o(CL$$btod_div_common) for __btod_div_common
    btod.o(CL$$btod_edivd) refers to btod.o(CL$$btod_e2d) for _e2d
    btod.o(CL$$btod_e2e) refers (Special) to usenofp.o(x$fpl$usenofp) for __I$use$fp
    btod.o(CL$$btod_e2d) refers (Special) to usenofp.o(x$fpl$usenofp) for __I$use$fp
    btod.o(CL$$btod_e2d) refers to btod.o(CL$$btod_e2e) for _e2e
    btod.o(CL$$btod_mult_common) refers (Special) to usenofp.o(x$fpl$usenofp) for __I$use$fp
    btod.o(CL$$btod_div_common) refers (Special) to usenofp.o(x$fpl$usenofp) for __I$use$fp
    lc_numeric_c.o(locale$$data) refers (Special) to libinit2.o(.ARM.Collect$$libinit$$00000014) for __rt_lib_init_lc_numeric_2
    lc_numeric_c.o(locale$$code) refers (Special) to libinit2.o(.ARM.Collect$$libinit$$00000014) for __rt_lib_init_lc_numeric_2
    lc_numeric_c.o(locale$$code) refers to strcmpv7m.o(.text) for strcmp
    lc_numeric_c.o(locale$$code) refers to lc_numeric_c.o(locale$$data) for __lcnum_c_name
    exit.o(.text) refers to rtexit.o(.ARM.Collect$$rtexit$$00000000) for __rt_exit
    defsig_fpe_outer.o(.text) refers to defsig_fpe_inner.o(.text) for __rt_SIGFPE_inner
    defsig_fpe_outer.o(.text) refers to defsig_exit.o(.text) for __sig_exit
    defsig_fpe_formal.o(.text) refers to rt_raise.o(.text) for __rt_raise
    libinit.o(.ARM.Collect$$libinit$$00000000) refers (Special) to libinit2.o(.ARM.Collect$$libinit$$0000002C) for __rt_lib_init_alloca_1
    libinit.o(.ARM.Collect$$libinit$$00000000) refers (Special) to libinit2.o(.ARM.Collect$$libinit$$0000002A) for __rt_lib_init_argv_1
    libinit.o(.ARM.Collect$$libinit$$00000000) refers (Special) to libinit2.o(.ARM.Collect$$libinit$$00000019) for __rt_lib_init_atexit_1
    libinit.o(.ARM.Collect$$libinit$$00000000) refers (Special) to libinit2.o(.ARM.Collect$$libinit$$0000001F) for __rt_lib_init_clock_1
    libinit.o(.ARM.Collect$$libinit$$00000000) refers (Special) to libinit2.o(.ARM.Collect$$libinit$$00000030) for __rt_lib_init_cpp_1
    libinit.o(.ARM.Collect$$libinit$$00000000) refers (Special) to libinit2.o(.ARM.Collect$$libinit$$0000002E) for __rt_lib_init_exceptions_1
    libinit.o(.ARM.Collect$$libinit$$00000000) refers (Special) to libinit2.o(.ARM.Collect$$libinit$$00000002) for __rt_lib_init_fp_1
    libinit.o(.ARM.Collect$$libinit$$00000000) refers (Special) to libinit2.o(.ARM.Collect$$libinit$$0000001D) for __rt_lib_init_fp_trap_1
    libinit.o(.ARM.Collect$$libinit$$00000000) refers (Special) to libinit2.o(.ARM.Collect$$libinit$$00000021) for __rt_lib_init_getenv_1
    libinit.o(.ARM.Collect$$libinit$$00000000) refers (Special) to libinit2.o(.ARM.Collect$$libinit$$00000008) for __rt_lib_init_heap_1
    libinit.o(.ARM.Collect$$libinit$$00000000) refers (Special) to libinit2.o(.ARM.Collect$$libinit$$0000000F) for __rt_lib_init_lc_collate_1
    libinit.o(.ARM.Collect$$libinit$$00000000) refers (Special) to libinit2.o(.ARM.Collect$$libinit$$00000011) for __rt_lib_init_lc_ctype_1
    libinit.o(.ARM.Collect$$libinit$$00000000) refers (Special) to libinit2.o(.ARM.Collect$$libinit$$00000013) for __rt_lib_init_lc_monetary_1
    libinit.o(.ARM.Collect$$libinit$$00000000) refers (Special) to libinit2.o(.ARM.Collect$$libinit$$00000015) for __rt_lib_init_lc_numeric_1
    libinit.o(.ARM.Collect$$libinit$$00000000) refers (Special) to libinit2.o(.ARM.Collect$$libinit$$00000017) for __rt_lib_init_lc_time_1
    libinit.o(.ARM.Collect$$libinit$$00000000) refers (Special) to libinit2.o(.ARM.Collect$$libinit$$0000000C) for __rt_lib_init_rand_1
    libinit.o(.ARM.Collect$$libinit$$00000000) refers (Special) to libinit2.o(.ARM.Collect$$libinit$$00000031) for __rt_lib_init_return
    libinit.o(.ARM.Collect$$libinit$$00000000) refers (Special) to libinit2.o(.ARM.Collect$$libinit$$0000001B) for __rt_lib_init_signal_1
    libinit.o(.ARM.Collect$$libinit$$00000000) refers (Special) to libinit2.o(.ARM.Collect$$libinit$$00000023) for __rt_lib_init_stdio_1
    libinit.o(.ARM.Collect$$libinit$$00000000) refers (Special) to libinit2.o(.ARM.Collect$$libinit$$0000000A) for __rt_lib_init_user_alloc_1
    istatus.o(x$fpl$ieeestatus) refers (Special) to usenofp.o(x$fpl$usenofp) for __I$use$fp
    fpclassify.o(i.__ARM_fpclassify) refers (Special) to usenofp.o(x$fpl$usenofp) for __I$use$fp
    libspace.o(.text) refers to libspace.o(.bss) for __libspace_start
    rtexit.o(.ARM.Collect$$rtexit$$00000000) refers (Special) to rtexit2.o(.ARM.Collect$$rtexit$$00000004) for __rt_exit_exit
    rtexit.o(.ARM.Collect$$rtexit$$00000000) refers (Special) to rtexit2.o(.ARM.Collect$$rtexit$$00000003) for __rt_exit_ls
    rtexit.o(.ARM.Collect$$rtexit$$00000000) refers (Special) to rtexit2.o(.ARM.Collect$$rtexit$$00000002) for __rt_exit_prels_1
    rtexit.o(.ARM.exidx) refers (Special) to rtexit2.o(.ARM.Collect$$rtexit$$00000004) for __rt_exit_exit
    rtexit.o(.ARM.exidx) refers (Special) to rtexit2.o(.ARM.Collect$$rtexit$$00000003) for __rt_exit_ls
    rtexit.o(.ARM.exidx) refers (Special) to rtexit2.o(.ARM.Collect$$rtexit$$00000002) for __rt_exit_prels_1
    rtexit.o(.ARM.exidx) refers to rtexit.o(.ARM.Collect$$rtexit$$00000000) for .ARM.Collect$$rtexit$$00000000
    rt_raise.o(.text) refers to __raise.o(.text) for __raise
    rt_raise.o(.text) refers to sys_exit.o(.text) for _sys_exit
    lc_ctype_c.o(locale$$data) refers (Special) to libinit2.o(.ARM.Collect$$libinit$$00000010) for __rt_lib_init_lc_ctype_2
    lc_ctype_c.o(locale$$code) refers (Special) to libinit2.o(.ARM.Collect$$libinit$$00000010) for __rt_lib_init_lc_ctype_2
    lc_ctype_c.o(locale$$code) refers to strcmpv7m.o(.text) for strcmp
    lc_ctype_c.o(locale$$code) refers to lc_ctype_c.o(locale$$data) for __lcctype_c_name
    defsig_exit.o(.text) refers to sys_exit.o(.text) for _sys_exit
    defsig_fpe_inner.o(.text) refers to defsig_general.o(.text) for __default_signal_display
    libinit2.o(.ARM.Collect$$libinit$$0000000D) refers (Weak) to rt_locale_intlibspace.o(.text) for __rt_locale
    libinit2.o(.ARM.Collect$$libinit$$0000000E) refers to libinit2.o(.ARM.Collect$$libinit$$0000000D) for .ARM.Collect$$libinit$$0000000D
    libinit2.o(.ARM.Collect$$libinit$$00000010) refers to libinit2.o(.ARM.Collect$$libinit$$0000000D) for .ARM.Collect$$libinit$$0000000D
    libinit2.o(.ARM.Collect$$libinit$$00000010) refers (Weak) to lc_ctype_c.o(locale$$code) for _get_lc_ctype
    libinit2.o(.ARM.Collect$$libinit$$00000012) refers to libinit2.o(.ARM.Collect$$libinit$$0000000D) for .ARM.Collect$$libinit$$0000000D
    libinit2.o(.ARM.Collect$$libinit$$00000014) refers to libinit2.o(.ARM.Collect$$libinit$$0000000D) for .ARM.Collect$$libinit$$0000000D
    libinit2.o(.ARM.Collect$$libinit$$00000014) refers (Weak) to lc_numeric_c.o(locale$$code) for _get_lc_numeric
    libinit2.o(.ARM.Collect$$libinit$$00000016) refers to libinit2.o(.ARM.Collect$$libinit$$0000000D) for .ARM.Collect$$libinit$$0000000D
    libinit2.o(.ARM.Collect$$libinit$$00000024) refers to argv_veneer.o(.emb_text) for __ARM_argv_veneer
    libinit2.o(.ARM.Collect$$libinit$$00000025) refers to argv_veneer.o(.emb_text) for __ARM_argv_veneer
    sys_exit.o(.text) refers (Special) to use_no_semi.o(.text) for __I$use$semihosting
    sys_exit.o(.text) refers (Special) to indicate_semi.o(.text) for __semihosting_library_function
    rtexit2.o(.ARM.Collect$$rtexit$$00000003) refers to libshutdown.o(.ARM.Collect$$libshutdown$$00000000) for __rt_lib_shutdown
    rtexit2.o(.ARM.Collect$$rtexit$$00000004) refers to sys_exit.o(.text) for _sys_exit
    rtexit2.o(.ARM.exidx) refers to rtexit2.o(.ARM.Collect$$rtexit$$00000001) for .ARM.Collect$$rtexit$$00000001
    rtexit2.o(.ARM.exidx) refers to rtexit2.o(.ARM.Collect$$rtexit$$00000003) for .ARM.Collect$$rtexit$$00000003
    rtexit2.o(.ARM.exidx) refers to rtexit2.o(.ARM.Collect$$rtexit$$00000004) for .ARM.Collect$$rtexit$$00000004
    __raise.o(.text) refers to defsig.o(CL$$defsig) for __default_signal_handler
    defsig_general.o(.text) refers to sys_wrch.o(.text) for _ttywrch
    argv_veneer.o(.emb_text) refers to no_argv.o(.text) for __ARM_get_argv
    sys_wrch.o(.text) refers (Special) to use_no_semi.o(.text) for __I$use$semihosting
    sys_wrch.o(.text) refers (Special) to indicate_semi.o(.text) for __semihosting_library_function
    defsig.o(CL$$defsig) refers to defsig_fpe_inner.o(.text) for __rt_SIGFPE_inner
    defsig.o(CL$$defsig) refers to defsig_rtmem_inner.o(.text) for __rt_SIGRTMEM_inner
    _get_argv_nomalloc.o(.text) refers (Special) to hrguard.o(.text) for __heap_region$guard
    _get_argv_nomalloc.o(.text) refers to defsig_rtmem_outer.o(.text) for __rt_SIGRTMEM
    _get_argv_nomalloc.o(.text) refers to sys_command.o(.text) for _sys_command_string
    libshutdown.o(.ARM.Collect$$libshutdown$$00000000) refers (Special) to libshutdown2.o(.ARM.Collect$$libshutdown$$00000006) for __rt_lib_shutdown_fp_trap_1
    libshutdown.o(.ARM.Collect$$libshutdown$$00000000) refers (Special) to libshutdown2.o(.ARM.Collect$$libshutdown$$0000000E) for __rt_lib_shutdown_heap_1
    libshutdown.o(.ARM.Collect$$libshutdown$$00000000) refers (Special) to libshutdown2.o(.ARM.Collect$$libshutdown$$0000000F) for __rt_lib_shutdown_return
    libshutdown.o(.ARM.Collect$$libshutdown$$00000000) refers (Special) to libshutdown2.o(.ARM.Collect$$libshutdown$$00000009) for __rt_lib_shutdown_signal_1
    libshutdown.o(.ARM.Collect$$libshutdown$$00000000) refers (Special) to libshutdown2.o(.ARM.Collect$$libshutdown$$00000003) for __rt_lib_shutdown_stdio_1
    libshutdown.o(.ARM.Collect$$libshutdown$$00000000) refers (Special) to libshutdown2.o(.ARM.Collect$$libshutdown$$0000000B) for __rt_lib_shutdown_user_alloc_1
    sys_command.o(.text) refers (Special) to use_no_semi.o(.text) for __I$use$semihosting
    sys_command.o(.text) refers (Special) to indicate_semi.o(.text) for __semihosting_library_function
    defsig_abrt_inner.o(.text) refers to defsig_general.o(.text) for __default_signal_display
    defsig_rtred_inner.o(.text) refers to defsig_general.o(.text) for __default_signal_display
    defsig_rtmem_inner.o(.text) refers to defsig_general.o(.text) for __default_signal_display
    defsig_rtmem_outer.o(.text) refers to defsig_rtmem_inner.o(.text) for __rt_SIGRTMEM_inner
    defsig_rtmem_outer.o(.text) refers to defsig_exit.o(.text) for __sig_exit
    defsig_rtmem_formal.o(.text) refers to rt_raise.o(.text) for __rt_raise
    defsig_stak_inner.o(.text) refers to defsig_general.o(.text) for __default_signal_display
    defsig_pvfn_inner.o(.text) refers to defsig_general.o(.text) for __default_signal_display
    defsig_cppl_inner.o(.text) refers to defsig_general.o(.text) for __default_signal_display
    defsig_segv_inner.o(.text) refers to defsig_general.o(.text) for __default_signal_display
    defsig_other.o(.text) refers to defsig_general.o(.text) for __default_signal_display


==============================================================================

Removing Unused input sections from the image.

    Removing coretab.o(.constdata), (256 bytes).
    Removing bspcore.o(.bss), (200 bytes).
    Removing tasktest.o(.text), (2652 bytes).
    Removing tasktest.o(.constdata), (16 bytes).
    Removing tasktest.o(.constdata), (200 bytes).
    Removing tasktest.o(.data), (12 bytes).
    Removing fwtick.o(.rev16_text), (4 bytes).
    Removing fwtick.o(.revsh_text), (4 bytes).
    Removing misc.o(.rev16_text), (4 bytes).
    Removing misc.o(.revsh_text), (4 bytes).
    Removing stm32f10x_exti.o(.rev16_text), (4 bytes).
    Removing stm32f10x_exti.o(.revsh_text), (4 bytes).
    Removing stm32f10x_flash.o(.rev16_text), (4 bytes).
    Removing stm32f10x_flash.o(.revsh_text), (4 bytes).
    Removing stm32f10x_gpio.o(.rev16_text), (4 bytes).
    Removing stm32f10x_gpio.o(.revsh_text), (4 bytes).
    Removing stm32f10x_rcc.o(.rev16_text), (4 bytes).
    Removing stm32f10x_rcc.o(.revsh_text), (4 bytes).
    Removing stm32f10x_usart.o(.rev16_text), (4 bytes).
    Removing stm32f10x_usart.o(.revsh_text), (4 bytes).
    Removing system_stm32f10x.o(.rev16_text), (4 bytes).
    Removing system_stm32f10x.o(.revsh_text), (4 bytes).

22 unused section(s) (total 3400 bytes) removed from the image.

==============================================================================

Memory Map of the image

  Image Entry point : 0x00000000

  Load Region LR_IROM1 (Base: 0x08000000, Size: 0x000074c8, Max: 0x00080000, ABSOLUTE)

    Execution Region ER_IROM1 (Base: 0x08000000, Size: 0x00007450, Max: 0x00080000, ABSOLUTE)

    Base Addr    Size         Type   Attr      Idx    E Section Name        Object

    0x08000000   0x000000ec   Data   RO          606    RESET               startup_stm32f10x_md.o
    0x080000ec   0x00000008   Code   RO          991  * !!!main             c_w.l(__main.o)
    0x080000f4   0x00000000   Code   RO          978    .ARM.Collect$$_printf_percent$$00000000  c_w.l(_printf_percent.o)
    0x080000f4   0x00000006   Code   RO         1024    .ARM.Collect$$_printf_percent$$00000001  c_w.l(_printf_n.o)
    0x080000fa   0x00000006   Code   RO          976    .ARM.Collect$$_printf_percent$$00000002  c_w.l(_printf_p.o)
    0x08000100   0x00000006   Code   RO         1028    .ARM.Collect$$_printf_percent$$00000003  c_w.l(_printf_f.o)
    0x08000106   0x00000006   Code   RO         1029    .ARM.Collect$$_printf_percent$$00000004  c_w.l(_printf_e.o)
    0x0800010c   0x00000006   Code   RO         1030    .ARM.Collect$$_printf_percent$$00000005  c_w.l(_printf_g.o)
    0x08000112   0x00000006   Code   RO         1031    .ARM.Collect$$_printf_percent$$00000006  c_w.l(_printf_a.o)
    0x08000118   0x0000000a   Code   RO         1036    .ARM.Collect$$_printf_percent$$00000007  c_w.l(_printf_ll.o)
    0x08000122   0x00000006   Code   RO         1026    .ARM.Collect$$_printf_percent$$00000008  c_w.l(_printf_i.o)
    0x08000128   0x00000006   Code   RO          977    .ARM.Collect$$_printf_percent$$00000009  c_w.l(_printf_d.o)
    0x0800012e   0x00000006   Code   RO         1027    .ARM.Collect$$_printf_percent$$0000000A  c_w.l(_printf_u.o)
    0x08000134   0x00000006   Code   RO         1025    .ARM.Collect$$_printf_percent$$0000000B  c_w.l(_printf_o.o)
    0x0800013a   0x00000006   Code   RO          975    .ARM.Collect$$_printf_percent$$0000000C  c_w.l(_printf_x.o)
    0x08000140   0x00000006   Code   RO         1033    .ARM.Collect$$_printf_percent$$0000000D  c_w.l(_printf_lli.o)
    0x08000146   0x00000006   Code   RO         1034    .ARM.Collect$$_printf_percent$$0000000E  c_w.l(_printf_lld.o)
    0x0800014c   0x00000006   Code   RO         1035    .ARM.Collect$$_printf_percent$$0000000F  c_w.l(_printf_llu.o)
    0x08000152   0x00000006   Code   RO         1040    .ARM.Collect$$_printf_percent$$00000010  c_w.l(_printf_llo.o)
    0x08000158   0x00000006   Code   RO         1041    .ARM.Collect$$_printf_percent$$00000011  c_w.l(_printf_llx.o)
    0x0800015e   0x0000000a   Code   RO         1037    .ARM.Collect$$_printf_percent$$00000012  c_w.l(_printf_l.o)
    0x08000168   0x00000006   Code   RO         1023    .ARM.Collect$$_printf_percent$$00000013  c_w.l(_printf_c.o)
    0x0800016e   0x00000006   Code   RO          974    .ARM.Collect$$_printf_percent$$00000014  c_w.l(_printf_s.o)
    0x08000174   0x00000006   Code   RO         1038    .ARM.Collect$$_printf_percent$$00000015  c_w.l(_printf_lc.o)
    0x0800017a   0x00000006   Code   RO         1039    .ARM.Collect$$_printf_percent$$00000016  c_w.l(_printf_ls.o)
    0x08000180   0x00000004   Code   RO         1032    .ARM.Collect$$_printf_percent$$00000017  c_w.l(_printf_percent_end.o)
    0x08000184   0x00000002   Code   RO         1130    .ARM.Collect$$libinit$$00000000  c_w.l(libinit.o)
    0x08000186   0x00000000   Code   RO         1151    .ARM.Collect$$libinit$$00000002  c_w.l(libinit2.o)
    0x08000186   0x00000000   Code   RO         1154    .ARM.Collect$$libinit$$00000008  c_w.l(libinit2.o)
    0x08000186   0x00000000   Code   RO         1156    .ARM.Collect$$libinit$$0000000A  c_w.l(libinit2.o)
    0x08000186   0x00000000   Code   RO         1158    .ARM.Collect$$libinit$$0000000C  c_w.l(libinit2.o)
    0x08000186   0x00000006   Code   RO         1159    .ARM.Collect$$libinit$$0000000D  c_w.l(libinit2.o)
    0x0800018c   0x00000000   Code   RO         1161    .ARM.Collect$$libinit$$0000000F  c_w.l(libinit2.o)
    0x0800018c   0x0000000c   Code   RO         1162    .ARM.Collect$$libinit$$00000010  c_w.l(libinit2.o)
    0x08000198   0x00000000   Code   RO         1163    .ARM.Collect$$libinit$$00000011  c_w.l(libinit2.o)
    0x08000198   0x00000000   Code   RO         1165    .ARM.Collect$$libinit$$00000013  c_w.l(libinit2.o)
    0x08000198   0x0000000a   Code   RO         1166    .ARM.Collect$$libinit$$00000014  c_w.l(libinit2.o)
    0x080001a2   0x00000000   Code   RO         1167    .ARM.Collect$$libinit$$00000015  c_w.l(libinit2.o)
    0x080001a2   0x00000000   Code   RO         1169    .ARM.Collect$$libinit$$00000017  c_w.l(libinit2.o)
    0x080001a2   0x00000000   Code   RO         1171    .ARM.Collect$$libinit$$00000019  c_w.l(libinit2.o)
    0x080001a2   0x00000000   Code   RO         1173    .ARM.Collect$$libinit$$0000001B  c_w.l(libinit2.o)
    0x080001a2   0x00000000   Code   RO         1175    .ARM.Collect$$libinit$$0000001D  c_w.l(libinit2.o)
    0x080001a2   0x00000000   Code   RO         1177    .ARM.Collect$$libinit$$0000001F  c_w.l(libinit2.o)
    0x080001a2   0x00000000   Code   RO         1179    .ARM.Collect$$libinit$$00000021  c_w.l(libinit2.o)
    0x080001a2   0x00000000   Code   RO         1181    .ARM.Collect$$libinit$$00000023  c_w.l(libinit2.o)
    0x080001a2   0x00000000   Code   RO         1185    .ARM.Collect$$libinit$$0000002A  c_w.l(libinit2.o)
    0x080001a2   0x00000000   Code   RO         1187    .ARM.Collect$$libinit$$0000002C  c_w.l(libinit2.o)
    0x080001a2   0x00000000   Code   RO         1189    .ARM.Collect$$libinit$$0000002E  c_w.l(libinit2.o)
    0x080001a2   0x00000000   Code   RO         1191    .ARM.Collect$$libinit$$00000030  c_w.l(libinit2.o)
    0x080001a2   0x00000002   Code   RO         1192    .ARM.Collect$$libinit$$00000031  c_w.l(libinit2.o)
    0x080001a4   0x00000002   Code   RO         1223    .ARM.Collect$$libshutdown$$00000000  c_w.l(libshutdown.o)
    0x080001a6   0x00000000   Code   RO         1250    .ARM.Collect$$libshutdown$$00000003  c_w.l(libshutdown2.o)
    0x080001a6   0x00000000   Code   RO         1253    .ARM.Collect$$libshutdown$$00000006  c_w.l(libshutdown2.o)
    0x080001a6   0x00000000   Code   RO         1256    .ARM.Collect$$libshutdown$$00000009  c_w.l(libshutdown2.o)
    0x080001a6   0x00000000   Code   RO         1258    .ARM.Collect$$libshutdown$$0000000B  c_w.l(libshutdown2.o)
    0x080001a6   0x00000000   Code   RO         1261    .ARM.Collect$$libshutdown$$0000000E  c_w.l(libshutdown2.o)
    0x080001a6   0x00000002   Code   RO         1262    .ARM.Collect$$libshutdown$$0000000F  c_w.l(libshutdown2.o)
    0x080001a8   0x00000000   Code   RO          993    .ARM.Collect$$rtentry$$00000000  c_w.l(rtentry.o)
    0x080001a8   0x00000000   Code   RO         1051    .ARM.Collect$$rtentry$$00000002  c_w.l(rtentry2.o)
    0x080001a8   0x00000006   Code   RO         1063    .ARM.Collect$$rtentry$$00000004  c_w.l(rtentry4.o)
    0x080001ae   0x00000000   Code   RO         1053    .ARM.Collect$$rtentry$$00000009  c_w.l(rtentry2.o)
    0x080001ae   0x00000004   Code   RO         1054    .ARM.Collect$$rtentry$$0000000A  c_w.l(rtentry2.o)
    0x080001b2   0x00000000   Code   RO         1056    .ARM.Collect$$rtentry$$0000000C  c_w.l(rtentry2.o)
    0x080001b2   0x00000008   Code   RO         1057    .ARM.Collect$$rtentry$$0000000D  c_w.l(rtentry2.o)
    0x080001ba   0x00000002   Code   RO         1139    .ARM.Collect$$rtexit$$00000000  c_w.l(rtexit.o)
    0x080001bc   0x00000000   Code   RO         1196    .ARM.Collect$$rtexit$$00000002  c_w.l(rtexit2.o)
    0x080001bc   0x00000004   Code   RO         1197    .ARM.Collect$$rtexit$$00000003  c_w.l(rtexit2.o)
    0x080001c0   0x00000006   Code   RO         1198    .ARM.Collect$$rtexit$$00000004  c_w.l(rtexit2.o)
    0x080001c6   0x00000002   PAD
    0x080001c8   0x000001d0   Code   RO            1    .text               syscall.o
    0x08000398   0x000001a4   Code   RO           52    .text               corebug.o
    0x0800053c   0x00000140   Code   RO           90    .text               coreirq.o
    0x0800067c   0x000016d8   Code   RO          112    .text               coremem.o
    0x08001d54   0x00000038   Code   RO          162    .text               coremod.o
    0x08001d8c   0x00000134   Code   RO          190    .text               corentry.o
    0x08001ec0   0x000001f0   Code   RO          212    .text               corepool.o
    0x080020b0   0x000006c8   Code   RO          247    .text               coretask.o
    0x08002778   0x00000064   Code   RO          269    .text               coretick.o
    0x080027dc   0x000007a0   Code   RO          283    .text               scheduler.o
    0x08002f7c   0x0000003c   Code   RO          313    .text               bspcore.o
    0x08002fb8   0x00000144   Code   RO          419    .text               bspgpio.o
    0x080030fc   0x000000b8   Code   RO          432    .text               bspusart.o
    0x080031b4   0x00000074   Code   RO          467    .text               coreapi.o
    0x08003228   0x000001b8   Code   RO          480    .text               mmsapi.o
    0x080033e0   0x00000094   Code   RO          496    .text               tssapi.o
    0x08003474   0x00000718   Code   RO          508    .text               tsscall.o
    0x08003b8c   0x00000002   Code   RO          523    .text               stm32fault.o
    0x08003b8e   0x0000001e   Code   RO          542    .text               stm32hal.o
    0x08003bac   0x00000078   Code   RO          554    .text               stm32nvic.o
    0x08003c24   0x000000a0   Code   RO          571    .text               stm32rcc.o
    0x08003cc4   0x00000004   Code   RO          587    .text               stm32stack.o
    0x08003cc8   0x00000048   Code   RO          599    .text               fault_entry.o
    0x08003d10   0x00000040   Code   RO          607    .text               startup_stm32f10x_md.o
    0x08003d50   0x00000024   Code   RO          611    .text               stm32misc.o
    0x08003d74   0x00000036   Code   RO          615    .text               svc_entry.o
    0x08003daa   0x00000002   PAD
    0x08003dac   0x0000002c   Code   RO          619    .text               systick_entry.o
    0x08003dd8   0x00000014   Code   RO          625    .text               Libfw.lib(fwtick.o)
    0x08003dec   0x0000005a   Code   RO          747    .text               Libfw.lib(libfw.o)
    0x08003e46   0x0000007e   Code   RO          751    .text               Libfw.lib(fwstack.o)
    0x08003ec4   0x000000b0   Code   RO          768    .text               Libfw.lib(misc.o)
    0x08003f74   0x000000e8   Code   RO          788    .text               Libfw.lib(stm32f10x_exti.o)
    0x0800405c   0x0000047c   Code   RO          808    .text               Libfw.lib(stm32f10x_flash.o)
    0x080044d8   0x00000264   Code   RO          829    .text               Libfw.lib(stm32f10x_gpio.o)
    0x0800473c   0x000002b8   Code   RO          849    .text               Libfw.lib(stm32f10x_rcc.o)
    0x080049f4   0x00000330   Code   RO          871    .text               Libfw.lib(stm32f10x_usart.o)
    0x08004d24   0x00000158   Code   RO          891    .text               Libfw.lib(system_stm32f10x.o)
    0x08004e7c   0x000000ee   Code   RO          917    .text               c_w.l(lludivv7m.o)
    0x08004f6a   0x00000002   PAD
    0x08004f6c   0x00000034   Code   RO          919    .text               c_w.l(vsnprintf.o)
    0x08004fa0   0x00000038   Code   RO          921    .text               c_w.l(__2snprintf.o)
    0x08004fd8   0x00000052   Code   RO          927    .text               c_w.l(_printf_pad.o)
    0x0800502a   0x00000052   Code   RO          929    .text               c_w.l(_printf_str.o)
    0x0800507c   0x00000078   Code   RO          931    .text               c_w.l(_printf_dec.o)
    0x080050f4   0x0000009c   Code   RO          951    .text               c_w.l(_printf_hex_int_ll_ptr.o)
    0x08005190   0x0000018c   Code   RO          971    .text               c_w.l(__printf_flags_ss_wp.o)
    0x0800531c   0x00000064   Code   RO          979    .text               c_w.l(rt_memcpy_w.o)
    0x08005380   0x00000044   Code   RO          981    .text               c_w.l(rt_memclr.o)
    0x080053c4   0x0000004e   Code   RO          983    .text               c_w.l(rt_memclr_w.o)
    0x08005412   0x00000056   Code   RO          985    .text               c_w.l(strncpy.o)
    0x08005468   0x00000080   Code   RO          987    .text               c_w.l(strcmpv7m.o)
    0x080054e8   0x00000006   Code   RO          989    .text               c_w.l(heapauxi.o)
    0x080054ee   0x00000024   Code   RO          998    .text               c_w.l(_printf_truncate.o)
    0x08005512   0x000000b8   Code   RO         1000    .text               c_w.l(_printf_intcommon.o)
    0x080055ca   0x0000002a   Code   RO         1002    .text               c_w.l(_printf_charcount.o)
    0x080055f4   0x00000030   Code   RO         1004    .text               c_w.l(_printf_char_common.o)
    0x08005624   0x0000000a   Code   RO         1006    .text               c_w.l(_sputc.o)
    0x0800562e   0x00000010   Code   RO         1008    .text               c_w.l(_snputc.o)
    0x0800563e   0x0000002c   Code   RO         1010    .text               c_w.l(_printf_char.o)
    0x0800566a   0x00000002   PAD
    0x0800566c   0x000000bc   Code   RO         1012    .text               c_w.l(_printf_wctomb.o)
    0x08005728   0x00000078   Code   RO         1015    .text               c_w.l(_printf_longlong_dec.o)
    0x080057a0   0x00000078   Code   RO         1021    .text               c_w.l(_printf_oct_int_ll.o)
    0x08005818   0x0000008a   Code   RO         1067    .text               c_w.l(lludiv10.o)
    0x080058a2   0x00000420   Code   RO         1069    .text               c_w.l(_printf_fp_dec.o)
    0x08005cc2   0x00000002   PAD
    0x08005cc4   0x00000300   Code   RO         1071    .text               c_w.l(_printf_fp_hex.o)
    0x08005fc4   0x0000002c   Code   RO         1076    .text               c_w.l(_printf_wchar.o)
    0x08005ff0   0x00000040   Code   RO         1078    .text               c_w.l(_wcrtomb.o)
    0x08006030   0x0000004a   Code   RO         1080    .text               c_w.l(sys_stackheap_outer.o)
    0x0800607a   0x00000002   PAD
    0x0800607c   0x00000010   Code   RO         1082    .text               c_w.l(rt_ctype_table.o)
    0x0800608c   0x00000008   Code   RO         1087    .text               c_w.l(rt_locale_intlibspace.o)
    0x08006094   0x00000080   Code   RO         1089    .text               c_w.l(_printf_fp_infnan.o)
    0x08006114   0x000000e4   Code   RO         1091    .text               c_w.l(bigflt0.o)
    0x080061f8   0x0000000c   Code   RO         1119    .text               c_w.l(exit.o)
    0x08006204   0x00000008   Code   RO         1136    .text               c_w.l(libspace.o)
    0x0800620c   0x0000000c   Code   RO         1193    .text               c_w.l(sys_exit.o)
    0x08006218   0x00000002   Code   RO         1212    .text               c_w.l(use_no_semi.o)
    0x0800621a   0x00000000   Code   RO         1214    .text               c_w.l(indicate_semi.o)
    0x0800621a   0x0000003e   Code   RO         1094    CL$$btod_d2e        c_w.l(btod.o)
    0x08006258   0x00000046   Code   RO         1096    CL$$btod_d2e_denorm_low  c_w.l(btod.o)
    0x0800629e   0x00000060   Code   RO         1095    CL$$btod_d2e_norm_op1  c_w.l(btod.o)
    0x080062fe   0x00000338   Code   RO         1104    CL$$btod_div_common  c_w.l(btod.o)
    0x08006636   0x000000c6   Code   RO         1101    CL$$btod_e2e        c_w.l(btod.o)
    0x080066fc   0x00000028   Code   RO         1098    CL$$btod_ediv       c_w.l(btod.o)
    0x08006724   0x00000028   Code   RO         1097    CL$$btod_emul       c_w.l(btod.o)
    0x0800674c   0x00000244   Code   RO         1103    CL$$btod_mult_common  c_w.l(btod.o)
    0x08006990   0x00000028   Code   RO         1134    i.__ARM_fpclassify  m_ws.l(fpclassify.o)
    0x080069b8   0x0000000e   Code   RO          964    i._is_digit         c_w.l(__printf_wp.o)
    0x080069c6   0x00000002   PAD
    0x080069c8   0x0000002c   Code   RO         1117    locale$$code        c_w.l(lc_numeric_c.o)
    0x080069f4   0x0000002c   Code   RO         1144    locale$$code        c_w.l(lc_ctype_c.o)
    0x08006a20   0x00000004   Code   RO         1042    x$fpl$printf1       fz_ws.l(printf1.o)
    0x08006a24   0x00000004   Code   RO         1044    x$fpl$printf2       fz_ws.l(printf2.o)
    0x08006a28   0x00000000   Code   RO         1133    x$fpl$usenofp       fz_ws.l(usenofp.o)
    0x08006a28   0x00000008   Data   RO            3    .constdata          syscall.o
    0x08006a30   0x00000056   Data   RO            4    .constdata          syscall.o
    0x08006a86   0x00000002   PAD
    0x08006a88   0x00000024   Data   RO           53    .constdata          corebug.o
    0x08006aac   0x00000008   Data   RO           91    .constdata          coreirq.o
    0x08006ab4   0x0000003c   Data   RO           92    .constdata          coreirq.o
    0x08006af0   0x00000223   Data   RO          114    .constdata          coremem.o
    0x08006d13   0x00000001   PAD
    0x08006d14   0x0000001c   Data   RO          115    .constdata          coremem.o
    0x08006d30   0x00000096   Data   RO          191    .constdata          corentry.o
    0x08006dc6   0x00000100   Data   RO          234    .constdata          coretab.o
    0x08006ec6   0x00000100   Data   RO          235    .constdata          coretab.o
    0x08006fc6   0x00000002   PAD
    0x08006fc8   0x000000f9   Data   RO          249    .constdata          coretask.o
    0x080070c1   0x00000003   PAD
    0x080070c4   0x00000077   Data   RO          285    .constdata          scheduler.o
    0x0800713b   0x0000000d   Data   RO          420    .constdata          bspgpio.o
    0x08007148   0x0000005c   Data   RO          481    .constdata          mmsapi.o
    0x080071a4   0x00000051   Data   RO          509    .constdata          tsscall.o
    0x080071f5   0x00000028   Data   RO          952    .constdata          c_w.l(_printf_hex_int_ll_ptr.o)
    0x0800721d   0x00000011   Data   RO          972    .constdata          c_w.l(__printf_flags_ss_wp.o)
    0x0800722e   0x00000002   PAD
    0x08007230   0x00000008   Data   RO         1013    .constdata          c_w.l(_printf_wctomb.o)
    0x08007238   0x00000026   Data   RO         1072    .constdata          c_w.l(_printf_fp_hex.o)
    0x0800725e   0x00000002   PAD
    0x08007260   0x00000094   Data   RO         1092    .constdata          c_w.l(bigflt0.o)
    0x080072f4   0x0000002e   Data   RO           54    .conststring        corebug.o
    0x08007322   0x00000002   Data   RO          116    .conststring        coremem.o
    0x08007324   0x00000000   Data   RO         1263    Region$$Table       anon$$obj.o
    0x08007324   0x0000001c   Data   RO         1116    locale$$data        c_w.l(lc_numeric_c.o)
    0x08007340   0x00000110   Data   RO         1143    locale$$data        c_w.l(lc_ctype_c.o)


    Execution Region RW_IRAM1 (Base: 0x20000000, Size: 0x00000e20, Max: 0x00010000, ABSOLUTE)

    Base Addr    Size         Type   Attr      Idx    E Section Name        Object

    0x20000000   0x00000008   Data   RW           55    .data               corebug.o
    0x20000008   0x00000008   Data   RW           93    .data               coreirq.o
    0x20000010   0x00000004   Data   RW          213    .data               corepool.o
    0x20000014   0x00000004   PAD
    0x20000018   0x00000008   Data   RW          270    .data               coretick.o
    0x20000020   0x0000002c   Data   RW          286    .data               scheduler.o
    0x2000004c   0x00000004   Data   RW          510    .data               tsscall.o
    0x20000050   0x00000014   Data   RW          850    .data               Libfw.lib(stm32f10x_rcc.o)
    0x20000064   0x00000014   Data   RW          892    .data               Libfw.lib(system_stm32f10x.o)
    0x20000078   0x00000020   Zero   RW            2    .bss                syscall.o
    0x20000098   0x00000234   Zero   RW          113    .bss                coremem.o
    0x200002cc   0x00000050   Zero   RW          248    .bss                coretask.o
    0x2000031c   0x000004a0   Zero   RW          284    .bss                scheduler.o
    0x200007bc   0x00000060   Zero   RW         1137    .bss                c_w.l(libspace.o)
    0x2000081c   0x00000004   PAD
    0x20000820   0x00000200   Zero   RW          605    HEAP                startup_stm32f10x_md.o
    0x20000a20   0x00000400   Zero   RW          604    STACK               startup_stm32f10x_md.o



  Load Region LR$$.ARM.__AT_0xE000E014 (Base: 0xe000e014, Size: 0x00000000, Max: 0x00000004, ABSOLUTE)

    Execution Region ER$$.ARM.__AT_0xE000E014 (Base: 0xe000e014, Size: 0x00000000, Max: 0x00000004, ABSOLUTE, UNINIT)

    **** No section assigned to this execution region ****



  Load Region LR$$.ARM.__AT_0xE000E018 (Base: 0xe000e018, Size: 0x00000000, Max: 0x00000004, ABSOLUTE)

    Execution Region ER$$.ARM.__AT_0xE000E018 (Base: 0xe000e018, Size: 0x00000000, Max: 0x00000004, ABSOLUTE, UNINIT)

    **** No section assigned to this execution region ****



  Load Region LR$$.ARM.__AT_0xE000ED28 (Base: 0xe000ed28, Size: 0x00000000, Max: 0x00000004, ABSOLUTE)

    Execution Region ER$$.ARM.__AT_0xE000ED28 (Base: 0xe000ed28, Size: 0x00000000, Max: 0x00000004, ABSOLUTE, UNINIT)

    **** No section assigned to this execution region ****



  Load Region LR$$.ARM.__AT_0xE000ED2C (Base: 0xe000ed2c, Size: 0x00000000, Max: 0x00000004, ABSOLUTE)

    Execution Region ER$$.ARM.__AT_0xE000ED2C (Base: 0xe000ed2c, Size: 0x00000000, Max: 0x00000004, ABSOLUTE, UNINIT)

    **** No section assigned to this execution region ****

